src/components/categories/category-filters.tsx(54,44): error TS2322: Type '(v: "latest" | "most_upvoted" | "highest_score") => void' is not assignable to type '(value: "latest" | "most_upvoted" | "highest_score" | null, eventDetails: SelectRootChangeEventDetails) => void'.
  Types of parameters 'v' and 'value' are incompatible.
    Type '"latest" | "most_upvoted" | "highest_score" | null' is not assignable to type '"latest" | "most_upvoted" | "highest_score"'.
      Type 'null' is not assignable to type '"latest" | "most_upvoted" | "highest_score"'.
src/components/upload/prompt-form.tsx(143,107): error TS2345: Argument of type 'string | null' is not assignable to parameter of type 'string | string[]'.
  Type 'null' is not assignable to type 'string | string[]'.
src/components/upload/prompt-form.tsx(160,107): error TS2345: Argument of type 'string | null' is not assignable to parameter of type 'string | string[]'.
  Type 'null' is not assignable to type 'string | string[]'.
